.github/README_PR_Commenter.md
.github/workflows/DEPARTMENT_MACROS_GUIDE.md
.github/workflows/Project_Workspace_Instructions.md
.github/workflows/corkboard_department_ack_macro.md
.github/workflows/department_charters_pack.md
.github/workflows/mail_department_dashboard.md
.github/workflows/optimization_macro_departments_subcontractors.md
.github/workflows/org_notice_department_leads.md
.github/workflows/repoDirs.md
.release_pr_body.md
000_DIPLOMAGIC_Next_Task.md
AUTO_MERGE_REPORT.md
"Archive/adversary_npc_systems/Enemy Systems Department \342\200\224 notes (ARCHIVED 2025-08-17).md"
"Archive/adversary_npc_systems/Statblocks & Enemies Department \342\200\224 Charter (ARCHIVED 2025-08-17).md"
CHANGELOG.md
CHANGELOG_AUTO.md
CONTRIBUTING.md
"Corkboard \342\200\224 2025-08-17 \342\200\224 Canvas Audit and Chat Alignment.md"
DIPLOMAGIC_GDD_AutoMerge_Runbook.md
DIPLOMAGIC_GDD_Combined.md
"Departments \342\200\224 Roster.md"
MASTER_Manifest.md
"Mail \342\200\224 Dashboard.md"
PR_BODY.md
Patches/CH1.md
Patches/CH2.md
Patches/CH2_Avery_Infiltration.md
Patches/CH2_Clara_Kadath.md
Patches/CH3_Avery_Suspended_Daycare_Spectral.md
Patches/CH3_Clara_Reddy_Kadath_Scavengers.md
Patches/CH4_Convergence_Rework.md
Patches/CH4_Kadath_City_Rework.md
Patches/CH5_DLamp_Betsy_Rework.md
Patches/CH5_DLamp_IronHighway_Underground.md
Patches/CH5_Rework_NYFO_Warrant_Betsy.md
Patches/CH6_Raid_Summary_Index.md
Patches/CH6_SRS_Apocalypse_Narrative.md
Patches/CH7-placeholder.md
Patches/EPILOGUE.md
Patches/MANIFEST_Addendum_CH1.md
Patches/MANIFEST_Addendum_CH1_Layouts_UI.md
Patches/MANIFEST_Addendum_SEC-03_CH1.md
Patches/MANIFEST_Addendum_SEC-03_Prologues.md
Patches/PR_Attachments_CH5-CH6.md
Patches/PR_CH5-CH6_Root_Merge.md
Patches/PR_CH7_Pack.md
Patches/PR_Change_Impact_Map_CH5-CH6.md
Patches/PR_Checklist_Box_CH5-CH6.md
Patches/PR_Cover_Note_CH5-CH6.md
Patches/PR_Crosslinks_Assertion_List.md
Patches/PR_Diff_Review_Guide_CH5-CH6.md
Patches/PR_Final_Copy_Blocks_CH5-CH6.md
Patches/PR_Followup_Issue_Bundle_Template.md
Patches/PR_GitHub_Labels_and_Milestones.md
Patches/PR_OnePager_CH5-CH6.md
Patches/PR_Open_Runbook_Desktop_and_CLI.md
Patches/PR_Release_Notes_CH5-CH6.md
Patches/PR_Reviewer_Comment_Templates.md
Patches/PR_Reviewer_Package_CH5-CH6.md
Patches/PR_Squash_Merge_Plan_CH5-CH6.md
Patches/PR_Status_Board_CH7.md
Patches/PR_Template_GitHub_CH5-CH6.md
Patches/PR_Term_Glossary_CH5-CH6.md
Patches/ROOT_Apply_Instructions_CH5-CH6.md
Patches/ROOT_CHANGELOG_CH5-CH6.md
Patches/ROOT_Crosslink_Map_CH5-CH6.md
Patches/ROOT_Dependency_Graph_CH5-CH6.md
Patches/ROOT_Diff_Checklist_CH5-CH6.md
Patches/ROOT_Edge_Case_Decisions_CH5-CH6.md
Patches/ROOT_EndToEnd_Test_Script_CH5-CH6.md
Patches/ROOT_Epilogue_Seeds_CH7.md
Patches/ROOT_FAQ_CH5-CH6_Merge.md
Patches/ROOT_GitHub_Desktop_Guide_CH5-CH6.md
Patches/ROOT_Internal_Playtest_Notes_CH5-CH6.md
Patches/ROOT_Known_Good_Lines_CH5-CH6.md
Patches/ROOT_Link_Verification_Checklist.md
Patches/ROOT_Merge_Commit_Messages.md
Patches/ROOT_Merge_Conflict_Resolution_Guide.md
Patches/ROOT_Merge_Done_Checklist.md
Patches/ROOT_Merge_Index_CH5-CH6.md
Patches/ROOT_Merge_Risk_Register.md
Patches/ROOT_Merge_Smoke_Checks.md
Patches/ROOT_Migration_Log_Stub.md
Patches/ROOT_Narrative_Delta_Summary_CH5-CH6.md
Patches/ROOT_Narrative_Tone_Style_Guide_1994.md
Patches/ROOT_PR_Template_CH5-CH6_Merge.md
Patches/ROOT_PastePoint_Cues_CH5-CH6.md
Patches/ROOT_Paste_Verification_Strings.md
Patches/ROOT_PostMerge_Tasks.md
Patches/ROOT_Practical_Paste_Steps.md
Patches/ROOT_Prompts_Conflict_Map.md
Patches/ROOT_Prompts_Validation_Report_CH5-CH6.md
Patches/ROOT_README_Badge_Block.md
Patches/ROOT_README_ToC_CH5-CH6_Insert.md
Patches/ROOT_Readme_ToC_CH7_Insert.md
Patches/ROOT_Readthrough_Script_CH5-CH6.md
Patches/ROOT_Redlines_Before_After_CH5-CH6.md
Patches/ROOT_Rollback_Plan_CH5-CH6.md
Patches/ROOT_Rollout_Plan_CH5-CH6.md
Patches/ROOT_SEC-03_CH5_Narrative_Paste.md
Patches/ROOT_SEC-03_CH6_Narrative_Paste.md
Patches/ROOT_SEC-03_CH7_Narrative_Paste.md
Patches/ROOT_SEC-03_Narrative_CH5-CH6_Merge.md
Patches/ROOT_SEC-05_Insert_Points.md
Patches/ROOT_SEC-05_Systems_Merge_Additions_CH5-CH6.md
Patches/ROOT_SEC-06-07_World_UI_CH5-CH6_Merge.md
Patches/ROOT_SEC-06-07_World_UI_CH7_Merge.md
Patches/ROOT_SEC-07_UI_Prompts_CH7_Extensions.md
Patches/ROOT_SEC-07_UI_Prompts_Master.md
Patches/ROOT_Sample_PR_Body_CH5-CH6.md
Patches/ROOT_Scoring_Tables_CH5-CH6.md
Patches/ROOT_Scripting_Pseudocode_CH6_Endings.md
Patches/ROOT_Systems_Snippet_Replacements.md
Patches/ROOT_TOC_Inserts_CH5-CH6.md
Patches/ROOT_Timeline_Continuity_CH4-CH6.md
Patches/ROOT_UI_Copy_Snippets_CH5-CH6.md
Patches/ROOT_UI_Wireflows_Text_CH6.md
Patches/ROOT_Validation_Grep_Patterns.md
Patches/ROOT_Windows_PS_FindReplace_Snippets_CH5-CH6.md
Patches/SEC-01-CH5-6_Integration_Plan.md
Patches/SEC-02-CH5-6_Master_Flags_Matrix.md
Patches/SEC-03-CH2_Avery_Section.md
Patches/SEC-03-CH2_Clara_Kadath_Section.md
Patches/SEC-03-CH3_Narrative_Sections.md
Patches/SEC-03-CH4_Narrative.md
Patches/SEC-03-CH5-6_Narrative_DeepDLamp_Insert.md
Patches/SEC-03-CH5_DLamp_Betsy_Narrative.md
Patches/SEC-03-CH5_Rework_Narrative.md
Patches/SEC-03-CH6_BeatSheet_Raid.md
Patches/SEC-03-CH6_Epilogue.md
Patches/SEC-03_3.4_Synopsis_Prologues_ADD.md
Patches/SEC-03_3.5_CH1_SimpleCuriosity_ADD.md
Patches/SEC-04-CH6_Lore_Splinter_of_Azathoth.md
Patches/SEC-04_CH1_Integration_ADD.md
Patches/SEC-05-CH2_Avery_Systems_Additions.md
Patches/SEC-05-CH2_Systems_Additions.md
Patches/SEC-05-CH3_Fear_Meter_Spec.md
Patches/SEC-05-CH3_Systems_Additions.md
Patches/SEC-05-CH4_Boss_Systems.md
Patches/SEC-05-CH4_Systems.md
Patches/SEC-05-CH5-6_Enemies_StarVampire.md
Patches/SEC-05-CH5-6_Rogue_Ops_Comms_SOP.md
Patches/SEC-05-CH5-6_Vehicle_O2_Fuel_Systems.md
Patches/SEC-05-CH5_DLamp_Betsy_Systems.md
Patches/SEC-05-CH5_Systems_Rework.md
Patches/SEC-05-CH6_AI_Behavior_FSM.md
Patches/SEC-05-CH6_AfterAction_Report_Spec.md
Patches/SEC-05-CH6_BlueOnBlue_Detection.md
Patches/SEC-05-CH6_Combat_Tuning_Params.md
Patches/SEC-05-CH6_Enemy_Resist_Interrupt_Table.md
Patches/SEC-05-CH6_Loadout_Guide.md
Patches/SEC-05-CH6_Raid_ROE.md
Patches/SEC-05-CH6_Splinter_Vault_Mechanics.md
Patches/SEC-05-CH6_Systems.md
Patches/SEC-05-Deputy_Name_Randomizer_Spec.md
Patches/SEC-05_CH1_Flags_Data_ADD.md
Patches/SEC-06-CH2_Avery_World_Content.md
Patches/SEC-06-CH3_World_Content.md
Patches/SEC-06-CH4_World_Content.md
Patches/SEC-06-CH5-6_Callsigns_and_Nodes.md
Patches/SEC-06-CH5-6_IronHighway_Routebook.md
Patches/SEC-06-CH5-6_World_DLamp_IronHighway.md
Patches/SEC-06-CH5_World_Content.md
Patches/SEC-06-CH6_Ascii_Map.md
Patches/SEC-06-CH6_Route_Encounter_Tables.md
Patches/SEC-06-CH6_SRS_Secret_Annex_World.md
Patches/SEC-06-CH6_Stealth_Breaker_CameraLoops.md
Patches/SEC-06_CH1_World_Layouts_ADD.md
Patches/SEC-07-CH2_Avery_UI_Prompts.md
Patches/SEC-07-CH3_UI_Prompts.md
Patches/SEC-07-CH4_UI_Spell_Equip.md
Patches/SEC-07-CH5-6_UI_Prompts_Consolidated.md
Patches/SEC-07-CH5_UI_Prompts.md
Patches/SEC-07-CH6_Prompts_Verification.md
Patches/SEC-07-CH6_Raid_UI_Prompts.md
Patches/SEC-07-CH6_UI_Flow.md
Patches/SEC-07_CH1_MEDSTAT_Notes_ADD.md
Patches/SEC-08-CH5-6_Audio_Soundscape.md
Patches/SEC-09-Period_Audit_CH5-CH6_1994.md
Patches/TDD_CH1_Device_Hooks_ADD.md
Patches/UPDATE_LOG.md
README.md
RELEASE.md
Rules/CH6-raid-rules.md
SEC-01-FRONT - Front Matter & Executive Summary.md
SEC-02-PILLARS - Pillars & Audience.md
SEC-03-NARRATIVE - Narrative.md
SEC-03_3.2_Chapter_List_REPLACE.md
SEC-04-LOOPS - Core Gameplay Loops.md
SEC-05-SYSTEMS - Systems & Mechanics.md
SEC-06-WORLD - World, Levels, & Content.md
SEC-07-UI - UI-UX (Devices, HUD, Menus).md
SEC-08-ARTAUDIO - Art Direction & Audio.md
SEC-09-TECH - Technology & Performance Targets.md
SEC-10-PRODUCTION - Production Plan & Milestones.md
SEC-11-QA - QA, Localization, Accessibility.md
SEC-12-RISKS - Risks, Legal, Ratings.md
SEC-13-APPENDICES - Appendices.md
SEC-14-QA - Quality Assurance Test Plan.md
SEC-epilogue.md
Steam/APP_CHECKLIST.md
Steam/BRANDING.md
Steam/STORE_COPY.md
TDD-EVIDENCE+FIELDPAD - Technical Design Document.md
Templates/1994_Replacements_Guide.md
Templates/Milestone_Template.md
Trackers/0A_Avery_Prologue_Beat2Objective_20250814T0941Z.md
Trackers/0B_Clara_Prologue_Beat2Objective_20250814T0941Z.md
Trackers/AssetList_0A_Quantico.md
Trackers/AssetList_0B_BetsyApt.md
Trackers/AssetList_CH1_Brightstar.md
Trackers/Assets_0A_Quantico_1989_20250814T1030Z.md
Trackers/Assets_0B_BetsysApt_1994_20250814T1030Z.md
Trackers/CH1-state.md
Trackers/CH1_Beat2Objective.md
Trackers/CH1_Narrative_Corrections_Worksheet.md
Trackers/CH1_Outline_SimpleCuriosity.md
Trackers/CH1_PolishChecklist.md
Trackers/CH1_StringKeyManifest.md
Trackers/CH2-state.md
Trackers/CH2_Avery_Tracker.md
Trackers/CH3_Scoring_Table.md
Trackers/CH3_Trackers.md
Trackers/CH4_Convergence_Rework.md
Trackers/CH4_Scoring_Table.md
Trackers/CH4_Tracker.md
Trackers/CH5-6_Build_Verification.md
Trackers/CH5-6_Combat_Evidence_Scoring.md
Trackers/CH5-6_DLamp_Evidence_Index.md
Trackers/CH5-6_DeepDLamp_Flags.md
Trackers/CH5-6_Krill_Handler_Log.md
Trackers/CH5_Tracker.md
Trackers/CH6_Balance_Telemetry_Spec.md
Trackers/CH6_BlueOnBlue_Test_Plan.md
Trackers/CH6_Bug_Triage_Template.md
Trackers/CH6_Ending_Scorecard.md
Trackers/CH6_Flags_Endings.md
Trackers/CH6_Known_Issues.md
Trackers/CH6_Operational_Checklist.md
Trackers/CH6_Playtest_Log_Sheet.md
Trackers/CH6_QA_Test_Cases.md
Trackers/CH6_Scoring_Raid.md
Trackers/CH6_Tracker.md
Trackers/CH7-city-rules.md
Trackers/CH7-state.md
Trackers/Developer-Guides.md
Trackers/Devices_Storage_1994.md
Trackers/EPILOGUE-state.md
Trackers/EPILOGUE-validation.md
Trackers/EVIDENCE-caps.md
Trackers/Glossary_1994_Terms.md
Trackers/InlinePatch_SEC-04_CH1.md
Trackers/InlinePatch_SEC-04_Prologues.md
Trackers/InlinePatch_SEC-05_CH1.md
Trackers/InlinePatch_SEC-05_Prologues.md
Trackers/InlinePatch_TDD_CH1.md
Trackers/InlinePatch_TDD_Prologues.md
Trackers/Milestone_v0.6-ch5-6-merge.md
Trackers/NARR-TRACKER_Playbook-Outline_Sync_v0.1.md
Trackers/NARR-TRACKER_Prologues_v0.3.md
Trackers/PROJECT_SUMMARY.md
Trackers/PR_Closeout_Checklist_CH5-CH6.md
Trackers/PR_Crosscheck_Results_Log.md
Trackers/PR_Reviewer_Assignment_Matrix.md
Trackers/PR_Reviewer_Findings_Log_CH5-CH6.md
Trackers/PR_Run_Log_CH5-CH6.md
Trackers/PR_Signoff_Form_CH5-CH6.md
Trackers/PR_Status_Board_CH5-CH6.md
Trackers/PR_Status_Board_CH7.md
Trackers/PR_Triage_Template_CH5-CH6.md
Trackers/PR_Validation_Master_Checklist_CH5-CH6.md
Trackers/PR_Validation_Results_Summary_CH5-CH6.md
Trackers/PR_Validation_Results_Summary_CH7.md
Trackers/PR_Validation_Tasklist_CH5-CH6.md
Trackers/PR_Validation_Tasklist_CH7.md
Trackers/Prologues_PolishChecklist.md
Trackers/Prologues_StringKeyManifest.md
Trackers/Prop_SEC-04_Loops_Prologues.md
Trackers/Prop_SEC-05_Systems_ProloguesFlags.md
Trackers/Prop_TDD_Evidence_FieldPad_ProloguesHooks.md
Trackers/QATelemetry_0A_Quantico.md
Trackers/QATelemetry_0B_BetsyApt.md
Trackers/QATelemetry_CH1.md
Trackers/ROOT_Cutlist_Removals_CH5-CH6.md
Trackers/ROOT_File_Ownership_Matrix.md
Trackers/ROOT_Integration_Completion_Ticket.md
Trackers/ROOT_Issue_Template_CH5-CH6_Merge.md
Trackers/ROOT_Merge_Paste_Progress.md
Trackers/ROOT_Merge_Reviewer_Checklist.md
Trackers/ROOT_Merge_Risk_Register.md
Trackers/ROOT_Merge_Smoke_Checks.md
Trackers/ROOT_Merge_Status_CH5-CH6.md
Trackers/ROOT_Metrics_Snapshot_Template.md
Trackers/ROOT_QA_Test_Cases_CH5-CH6.md
Trackers/ROOT_Regressions_Watchlist_CH5-CH6.md
Trackers/ROOT_Review_Signoff_Sheet.md
Trackers/ROOT_Reviewer_Questions_CH5-CH6.md
Trackers/ROOT_Seed_Test_Matrix_CH5-CH6.md
Trackers/SEC-03-CH4_Narrative.md
Trackers/SEC-03-CH6_Raid_Addendum.md
Trackers/SEC-05-CH4_Systems.md
Trackers/SEC-06-CH6_SRS_Secret_Annex_World.md
Trackers/SEC06_CH1_WorldLayouts.md
Trackers/SEC07_CH1_MEDSTAT_Notes_UI.md
Trackers/Shotlist_0A_Quantico.md
Trackers/Shotlist_0B_BetsyApt.md
Trackers/Shotlist_CH1_Brightstar.md
Trackers/Shotlist_CH1_Roadside.md
Trackers/TutorialCopy_0A_Avery_20250814T0948Z.md
Trackers/TutorialCopy_0B_Clara_20250814T0948Z.md
Trackers/TutorialCopy_CH1_Avery.md
Trackers/TutorialCopy_CH1_Clara.md
Trackers/VOScript_0A_Avery.md
Trackers/VOScript_0B_Clara.md
Trackers/VOScript_CH1_Avery.md
Trackers/VOScript_CH1_Clara.md
Trackers/Validation_Run_Report_CH5-CH6.md
archive_index_diplomagic.md
ascii-safe-mapping-20250817.md
ascii-safe/ascii/corkboard-department-ack-macro.md
ascii-safe/ascii/data/spawn/spawn-tables-prologue-ch1.md
ascii-safe/ascii/data/statblocks/enemy-cultist.md
ascii-safe/ascii/data/statblocks/enemy-mind-swapped-civilian.md
ascii-safe/ascii/data/statblocks/enemy-new-kadathi-cultist.md
ascii-safe/ascii/data/statblocks/enemy-spectral-entity.md
ascii-safe/ascii/data/statblocks/schema-statblock.md
ascii-safe/ascii/department-charters-pack.md
ascii-safe/ascii/departments/qa-ux/qa-and-ux-dashboard.md
ascii-safe/ascii/departments/qa-ux/qa-ux-dashboard.md
ascii-safe/ascii/mail-department-dashboard.md
ascii-safe/ascii/narrative/outline-2025.md
ascii-safe/ascii/narrative/playbook.md
ascii-safe/ascii/ops/steam/steam-ops-charter-20250817.md
ascii-safe/ascii/ops/steam/steam-ops-dashboard-20250817.md
ascii-safe/ascii/optimization-macro-departments-subcontractors.md
ascii-safe/ascii/org-notice-department-leads.md
ascii-safe/ascii/project-workspace-instructions.md
ascii-safe/ascii/readme-rename-ascii.md
ascii-safe/ascii/research/checks/period-check-core-terms-1994.md
ascii-safe/ascii/research/glossary-1994.md
ascii-safe/ascii/research/refs/refs-seed-1994.md
ascii-safe/corkboard-department-ack-macro.md
ascii-safe/data/spawn/spawn-tables-prologue-ch1.md
ascii-safe/data/statblocks/enemy-cultist.md
ascii-safe/data/statblocks/enemy-mind-swapped-civilian.md
ascii-safe/data/statblocks/enemy-new-kadathi-cultist.md
ascii-safe/data/statblocks/enemy-spectral-entity.md
ascii-safe/data/statblocks/schema-statblock.md
ascii-safe/department-charters-pack.md
ascii-safe/departments/qa-ux/qa-and-ux-dashboard.md
ascii-safe/departments/qa-ux/qa-ux-dashboard.md
ascii-safe/mail-department-dashboard.md
ascii-safe/narrative/outline-2025.md
ascii-safe/narrative/playbook.md
ascii-safe/ops/steam/steam-ops-charter-20250817.md
ascii-safe/ops/steam/steam-ops-dashboard-20250817.md
ascii-safe/optimization-macro-departments-subcontractors.md
ascii-safe/org-notice-department-leads.md
ascii-safe/project-workspace-instructions.md
ascii-safe/research/checks/period-check-core-terms-1994.md
ascii-safe/research/glossary-1994.md
ascii-safe/research/refs/refs-seed-1994.md
continuity_report.md
corkboard-department-ack-macro.md
data/spawn/spawn-tables-prologue-ch1.md
data/spawn/spawn_tables_prologue_ch1.md
data/statblocks/enemy-cultist.md
data/statblocks/enemy-mind-swapped-civilian.md
data/statblocks/enemy-new-kadathi-cultist.md
data/statblocks/enemy-spectral-entity.md
data/statblocks/enemy_cultist.md
data/statblocks/enemy_mind_swapped_civilian.md
data/statblocks/enemy_new_kadathi_cultist.md
data/statblocks/enemy_spectral_entity.md
data/statblocks/schema-statblock.md
data/statblocks/schema_statblock.md
department-charters-pack.md
"departments/adversary_npc_systems/Adversary & NPC Systems \342\200\224 Dashboard.md"
"departments/adversary_npc_systems/stubs/Enemy Systems Department \342\200\224 notes.stub.md"
"departments/adversary_npc_systems/stubs/Statblocks & Enemies Department \342\200\224 Charter.stub.md"
departments/qa-ux/qa-and-ux-dashboard.md
departments/qa-ux/qa-ux-dashboard.md
departments/qa_ux/QA-UX-Dashboard.md
developer_guides/archive_process_guide.md
mail-department-dashboard.md
merge-body.md
narrative/outline-2025.md
narrative/outline_2025.md
narrative/playbook.md
ops/maintenance/ascii-safe-mapping-20250817.md
ops/maintenance/repo-rename-plan-20250817.md
ops/steam/steam-ops-charter-20250817.md
ops/steam/steam-ops-dashboard-20250817.md
ops/steam/steam_ops_charter_20250817.md
ops/steam/steam_ops_dashboard_20250817.md
optimization-macro-departments-subcontractors.md
org-notice-department-leads.md
project-workspace-instructions.md
refs_seed_1994.md
release-notes.md
research/checks/period-check-core-terms-1994.md
research/checks/period_check_core_terms_1994.md
research/glossary-1994.md
research/glossary_1994.md
research/refs/refs-seed-1994.md
research/refs/refs_seed_1994.md
